Microchip MPLAB XC8 Compiler V2.32

Linker command line:

-W-3 --edf=C:\Program Files\Microchip\xc8\v2.32\pic\dat\en_msgs.txt -cn \
  -h+dist/default/production\POSTO.X.production.sym \
  --cmf=dist/default/production\POSTO.X.production.cmf -z -Q18F4520 \
  -oC:\Users\henri\AppData\Local\Temp\xcAs19oo.4 --defsym=__MPLAB_BUILD=1 \
  -Mdist/default/production/POSTO.X.production.map -E1 -ver=XC8 Compiler \
  --acfsm=1493 -ASTACK=080h-05FFh -pstack=STACK -ACODE=00h-07FFFh \
  -ACONST=00h-07FFFh -ASMALLCONST=0600h-06FFhx122 \
  -AMEDIUMCONST=0600h-07FFFh -ACOMRAM=01h-07Fh -AABS1=00h-05FFh \
  -ABIGRAM=01h-05FFh -ARAM=080h-0FFh,0100h-01FFhx5 -ABANK0=080h-0FFh \
  -ABANK1=0100h-01FFh -ABANK2=0200h-02FFh -ABANK3=0300h-03FFh \
  -ABANK4=0400h-04FFh -ABANK5=0500h-05FFh -ASFR=0F80h-0FFFh \
  -ACONFIG=0300000h-030000Dh -AIDLOC=0200000h-0200007h \
  -AEEDATA=0F00000h-0F000FFh -peeprom_data=EEDATA \
  -preset_vec=00h,intcode,intcodelo,powerup,init -pramtop=0600h \
  -psmallconst=SMALLCONST -pmediumconst=MEDIUMCONST -pconst=CONST \
  -AFARRAM=00h-00h \
  -prdata=COMRAM,nvrram=COMRAM,nvbit=COMRAM,rbss=COMRAM,rbit=COMRAM \
  -pfarbss=FARRAM,fardata=FARRAM,nvFARRAM=FARRAM \
  -pintsave_regs=BIGRAM,bigbss=BIGRAM,bigdata=BIGRAM -pbss=RAM \
  -pidata=CODE,irdata=CODE,ibigdata=CODE,ifardata=CODE -prparam=COMRAM \
  C:\Users\henri\AppData\Local\Temp\xcAs19oo.o \
  dist/default/production\POSTO.X.production.o 

Object code version is 3.11

Machine type is 18F4520



                Name                               Link     Load   Length Selector   Space Scale
C:\Users\henri\AppData\Local\Temp\xcAs19oo.o
                idloc                            200000   200000        8        0       5
                config                           300000   300000        E        0       4
                init                                  0        0        4        0       0
dist/default/production\POSTO.X.production.o
                idloc                            200000   200000        8        0       5
                config                           300000   300000        E        0       4
                smallconst                          600      600       9C      300       0
                text37                             1852     1852       A4      34E       0
                text36                             18F6     18F6       88      34E       0
                text35                             1C40     1C40       50      34E       0
                text34                             1AD6     1AD6       64      34E       0
                text33                             1334     1334      16A      34E       0
                text32                             10E6     10E6      24E      34E       0
                text31                             1E9A     1E9A       2A      34E       0
                text30                             1E70     1E70       2A      34E       0
                text29                             1C90     1C90       4E      34E       0
                text28                             149E     149E      136      34E       0
                text27                             1FBE     1FBE        A      34E       0
                text26                             197E     197E       78      34E       0
                text25                             1E12     1E12       30      34E       0
                text24                             1FD2     1FD2        2      34E       0
                text23                             1D26     1D26       42      34E       0
                text22                             1B3A     1B3A       5A      34E       0
                text21                             1F76     1F76       1E      34E       0
                text20                             1DA6     1DA6       3A      34E       0
                text19                             1F58     1F58       1E      34E       0
                text18                             1BEA     1BEA       56      34E       0
                text17                             15D4     15D4      10C      34E       0
                text16                             1F10     1F10       26      34E       0
                text15                             1F94     1F94       1A      34E       0
                text14                             19F6     19F6       74      34E       0
                text13                             1EEA     1EEA       26      34E       0
                text12                             1A6A     1A6A       6C      34E       0
                text11                              E98      E98      24E      34E       0
                text10                             1D68     1D68       3E      34E       0
                text9                              1B94     1B94       56      34E       0
                text8                               69C      69C      7FC      34E       0
                text7                              1CDE     1CDE       48      34E       0
                text6                              1DE0     1DE0       32      34E       0
                text5                              1EC4     1EC4       26      34E       0
                text4                              179E     179E       B4      34E       0
                text3                              1FC8     1FC8        8      34E       0
                text2                              1F36     1F36       22      34E       0
                text1                              1FAE     1FAE       10      34E       0
                text0                              16E0     16E0       BE      34E       0
                cstackCOMRAM                          1        1       1B        1       1
                dataCOMRAM                           33       33        2        1       1
                bssCOMRAM                            1C       1C       17        1       1
                cinit                              1E42     1E42       2E      34E       0
                idataCOMRAM                        1FD0     1FD0        2      34E       0

TOTAL           Name                               Link     Load   Length     Space
        CLASS   STACK          

        CLASS   CODE           
                init                                  0        0        4         0
                text37                             1852     1852       A4         0
                text36                             18F6     18F6       88         0
                text35                             1C40     1C40       50         0
                text34                             1AD6     1AD6       64         0
                text33                             1334     1334      16A         0
                text32                             10E6     10E6      24E         0
                text31                             1E9A     1E9A       2A         0
                text30                             1E70     1E70       2A         0
                text29                             1C90     1C90       4E         0
                text28                             149E     149E      136         0
                text27                             1FBE     1FBE        A         0
                text26                             197E     197E       78         0
                text25                             1E12     1E12       30         0
                text24                             1FD2     1FD2        2         0
                text23                             1D26     1D26       42         0
                text22                             1B3A     1B3A       5A         0
                text21                             1F76     1F76       1E         0
                text20                             1DA6     1DA6       3A         0
                text19                             1F58     1F58       1E         0
                text18                             1BEA     1BEA       56         0
                text17                             15D4     15D4      10C         0
                text16                             1F10     1F10       26         0
                text15                             1F94     1F94       1A         0
                text14                             19F6     19F6       74         0
                text13                             1EEA     1EEA       26         0
                text12                             1A6A     1A6A       6C         0
                text11                              E98      E98      24E         0
                text10                             1D68     1D68       3E         0
                text9                              1B94     1B94       56         0
                text8                               69C      69C      7FC         0
                text7                              1CDE     1CDE       48         0
                text6                              1DE0     1DE0       32         0
                text5                              1EC4     1EC4       26         0
                text4                              179E     179E       B4         0
                text3                              1FC8     1FC8        8         0
                text2                              1F36     1F36       22         0
                text1                              1FAE     1FAE       10         0
                text0                              16E0     16E0       BE         0
                cinit                              1E42     1E42       2E         0
                idataCOMRAM                        1FD0     1FD0        2         0

        CLASS   CONST          

        CLASS   SMALLCONST     
                smallconst                          600      600       9C         0

        CLASS   MEDIUMCONST    

        CLASS   COMRAM         
                cstackCOMRAM                          1        1       1B         1
                dataCOMRAM                           33       33        2         1
                bssCOMRAM                            1C       1C       17         1

        CLASS   ABS1           

        CLASS   BIGRAM         

        CLASS   RAM            

        CLASS   BANK0          

        CLASS   BANK1          

        CLASS   BANK2          

        CLASS   BANK3          

        CLASS   BANK4          

        CLASS   BANK5          

        CLASS   SFR            

        CLASS   CONFIG         
                config                           300000   300000        E         4

        CLASS   IDLOC          
                idloc                            200000   200000        8         5

        CLASS   EEDATA         

        CLASS   FARRAM         



SEGMENTS        Name                           Load    Length   Top    Selector   Space  Class

                reset_vec                      000000  000004  000004         0       0  CODE    
                cstackCOMRAM                   000001  000034  000035         1       1  COMRAM  
                smallconst                     000600  00009C  00069C       300       0  SMALLCON
                text8                          00069C  001938  001FD4       34E       0  CODE    


UNUSED ADDRESS RANGES

        Name                Unused          Largest block    Delta
        BANK0            000080-0000FF               80
        BANK1            000100-0001FF              100
        BANK2            000200-0002FF              100
        BANK3            000300-0003FF              100
        BANK4            000400-0004FF              100
        BANK5            000500-0005FF              100
        BIGRAM           000035-0005FF              5CB
        CODE             000004-0005FF              5FC
                         001FD4-007FFF             602C
        COMRAM           000035-00007F               4B
        CONST            000004-0005FF              5FC
                         001FD4-007FFF             602C
        EEDATA           F00000-F000FF              100
        MEDIUMCONST      001FD4-007FFF             602C
        RAM              000080-0005FF              100
        SFR              000F80-000FFF               80
        SMALLCONST       001FD4-007FFF              100
        STACK            000080-0005FF              580

                                  Symbol Table

?___aldiv                cstackCOMRAM 000001
?___lldiv                cstackCOMRAM 000001
?___llmod                cstackCOMRAM 00000E
?___lwdiv                cstackCOMRAM 000001
?___wmul                 cstackCOMRAM 000001
?_adcRead                cstackCOMRAM 000001
?_digitalRead            cstackCOMRAM 000001
?_kpRead                 cstackCOMRAM 000001
_ADCON0                  (abs)        000FC2
_ADCON1                  (abs)        000FC1
_ADCON2                  (abs)        000FC0
_ADRESH                  (abs)        000FC4
_ADRESL                  (abs)        000FC3
_CCP2CON                 (abs)        000FBA
_CCPR2L                  (abs)        000FBB
_Flag                    dataCOMRAM   000033
_INTCON                  (abs)        000FF2
_LED                     dataCOMRAM   000034
_LeTeclado               text8        00069C
_Leitura                 bssCOMRAM    00002A
_PORTA                   (abs)        000F80
_PORTB                   (abs)        000F81
_PORTC                   (abs)        000F82
_PORTD                   (abs)        000F83
_PORTE                   (abs)        000F84
_PR2                     (abs)        000FCB
_PulseClockData          text31       001E9A
_PulseEnClock            text30       001E70
_T0CON                   (abs)        000FD5
_T2CON                   (abs)        000FCA
_TMR0H                   (abs)        000FD7
_TMR0L                   (abs)        000FD6
_TRISA                   (abs)        000F92
_TRISB                   (abs)        000F93
_TRISC                   (abs)        000F94
_TRISD                   (abs)        000F95
_TRISE                   (abs)        000F96
_ValorAD                 bssCOMRAM    000028
__HRAM                   (abs)        000000
__Habs1                  abs1         000000
__Hbank0                 bank0        000000
__Hbank1                 bank1        000000
__Hbank2                 bank2        000000
__Hbank3                 bank3        000000
__Hbank4                 bank4        000000
__Hbank5                 bank5        000000
__Hbigbss                bigbss       000000
__Hbigdata               bigdata      000000
__Hbigram                bigram       000000
__Hbss                   bss          000000
__HbssCOMRAM             bssCOMRAM    000000
__Hcinit                 cinit        000000
__Hclrtext               clrtext      000000
__Hcomram                comram       000000
__Hconfig                config       30000E
__Hconst                 const        000000
__HcstackCOMRAM          cstackCOMRAM 000000
__Hdata                  data         000000
__HdataCOMRAM            dataCOMRAM   000000
__Heeprom_data           eeprom_data  000000
__Hfarbss                farbss       000000
__Hfardata               fardata      000000
__Hibigdata              ibigdata     000000
__Hidata                 idata        000000
__HidataCOMRAM           idataCOMRAM  000000
__Hidloc                 idloc        200008
__Hifardata              ifardata     000000
__Hinit                  init         000004
__Hintcode               intcode      000000
__Hintcode_body          intcode_body 000000
__Hintcodelo             intcodelo    000000
__Hintentry              intentry     000000
__Hintret                intret       000000
__Hintsave_regs          intsave_regs 000000
__Hirdata                irdata       000000
__Hmediumconst           mediumconst  000000
__HnvFARRAM              nvFARRAM     000000
__Hnvbit                 nvbit        000000
__Hnvrram                nvrram       000000
__Hparam                 rparam       000000
__Hpowerup               powerup      000000
__Hram                   ram          000000
__Hramtop                ramtop       000600
__Hrbit                  rbit         000000
__Hrbss                  rbss         000000
__Hrdata                 rdata        000000
__Hreset_vec             reset_vec    000000
__Hrparam                rparam       000000
__Hsfr                   sfr          000000
__Hsmallconst            smallconst   00069C
__Hspace_0               (abs)        001FD4
__Hspace_1               (abs)        000035
__Hspace_2               (abs)        000000
__Hspace_4               (abs)        60000E
__Hstack                 stack        000000
__Hstruct                struct       000000
__Htemp                  temp         000000
__Htext                  text         000000
__Htext0                 text0        000000
__Htext1                 text1        000000
__Htext10                text10       000000
__Htext11                text11       000000
__Htext12                text12       000000
__Htext13                text13       000000
__Htext14                text14       000000
__Htext15                text15       000000
__Htext16                text16       000000
__Htext17                text17       000000
__Htext18                text18       000000
__Htext19                text19       000000
__Htext2                 text2        000000
__Htext20                text20       000000
__Htext21                text21       000000
__Htext22                text22       000000
__Htext23                text23       000000
__Htext24                text24       000000
__Htext25                text25       000000
__Htext26                text26       000000
__Htext27                text27       000000
__Htext28                text28       000000
__Htext29                text29       000000
__Htext3                 text3        000000
__Htext30                text30       000000
__Htext31                text31       000000
__Htext32                text32       000000
__Htext33                text33       000000
__Htext34                text34       000000
__Htext35                text35       000000
__Htext36                text36       000000
__Htext37                text37       000000
__Htext4                 text4        000000
__Htext5                 text5        000000
__Htext6                 text6        000000
__Htext7                 text7        000000
__Htext8                 text8        000000
__Htext9                 text9        000000
__LRAM                   (abs)        000001
__Labs1                  abs1         000000
__Lbank0                 bank0        000000
__Lbank1                 bank1        000000
__Lbank2                 bank2        000000
__Lbank3                 bank3        000000
__Lbank4                 bank4        000000
__Lbank5                 bank5        000000
__Lbigbss                bigbss       000000
__Lbigdata               bigdata      000000
__Lbigram                bigram       000000
__Lbss                   bss          000000
__LbssCOMRAM             bssCOMRAM    000000
__Lcinit                 cinit        000000
__Lclrtext               clrtext      000000
__Lcomram                comram       000000
__Lconfig                config       000000
__Lconst                 const        000000
__LcstackCOMRAM          cstackCOMRAM 000000
__Ldata                  data         000000
__LdataCOMRAM            dataCOMRAM   000000
__Leeprom_data           eeprom_data  000000
__Lfarbss                farbss       000000
__Lfardata               fardata      000000
__Libigdata              ibigdata     000000
__Lidata                 idata        000000
__LidataCOMRAM           idataCOMRAM  000000
__Lidloc                 idloc        000000
__Lifardata              ifardata     000000
__Linit                  init         000000
__Lintcode               intcode      000000
__Lintcode_body          intcode_body 000000
__Lintcodelo             intcodelo    000000
__Lintentry              intentry     000000
__Lintret                intret       000000
__Lintsave_regs          intsave_regs 000000
__Lirdata                irdata       000000
__Lmediumconst           mediumconst  000000
__LnvFARRAM              nvFARRAM     000000
__Lnvbit                 nvbit        000000
__Lnvrram                nvrram       000000
__Lparam                 rparam       000000
__Lpowerup               powerup      000000
__Lram                   ram          000000
__Lramtop                ramtop       000600
__Lrbit                  rbit         000000
__Lrbss                  rbss         000000
__Lrdata                 rdata        000000
__Lreset_vec             reset_vec    000000
__Lrparam                rparam       000000
__Lsfr                   sfr          000000
__Lsmallconst            smallconst   000600
__Lspace_0               (abs)        000000
__Lspace_1               (abs)        000000
__Lspace_2               (abs)        000000
__Lspace_4               (abs)        000000
__Lstack                 stack        000000
__Lstruct                struct       000000
__Ltemp                  temp         000000
__Ltext                  text         000000
__Ltext0                 text0        000000
__Ltext1                 text1        000000
__Ltext10                text10       000000
__Ltext11                text11       000000
__Ltext12                text12       000000
__Ltext13                text13       000000
__Ltext14                text14       000000
__Ltext15                text15       000000
__Ltext16                text16       000000
__Ltext17                text17       000000
__Ltext18                text18       000000
__Ltext19                text19       000000
__Ltext2                 text2        000000
__Ltext20                text20       000000
__Ltext21                text21       000000
__Ltext22                text22       000000
__Ltext23                text23       000000
__Ltext24                text24       000000
__Ltext25                text25       000000
__Ltext26                text26       000000
__Ltext27                text27       000000
__Ltext28                text28       000000
__Ltext29                text29       000000
__Ltext3                 text3        000000
__Ltext30                text30       000000
__Ltext31                text31       000000
__Ltext32                text32       000000
__Ltext33                text33       000000
__Ltext34                text34       000000
__Ltext35                text35       000000
__Ltext36                text36       000000
__Ltext37                text37       000000
__Ltext4                 text4        000000
__Ltext5                 text5        000000
__Ltext6                 text6        000000
__Ltext7                 text7        000000
__Ltext8                 text8        000000
__Ltext9                 text9        000000
__S0                     (abs)        001FD4
__S1                     (abs)        000035
__S2                     (abs)        000000
__S4                     (abs)        000000
__S5                     (abs)        000000
___aldiv                 text17       0015D4
___aldiv@counter         cstackCOMRAM 000009
___aldiv@dividend        cstackCOMRAM 000001
___aldiv@divisor         cstackCOMRAM 000005
___aldiv@quotient        cstackCOMRAM 00000B
___aldiv@sign            cstackCOMRAM 00000A
___inthi_sp              stack        000000
___intlo_sp              stack        000000
___lldiv                 text37       001852
___lldiv@counter         cstackCOMRAM 00000D
___lldiv@dividend        cstackCOMRAM 000001
___lldiv@divisor         cstackCOMRAM 000005
___lldiv@quotient        cstackCOMRAM 000009
___llmod                 text36       0018F6
___llmod@counter         cstackCOMRAM 000016
___llmod@dividend        cstackCOMRAM 00000E
___llmod@divisor         cstackCOMRAM 000012
___lwdiv                 text14       0019F6
___lwdiv@counter         cstackCOMRAM 000007
___lwdiv@dividend        cstackCOMRAM 000001
___lwdiv@divisor         cstackCOMRAM 000003
___lwdiv@quotient        cstackCOMRAM 000005
___param_bank            (abs)        000000
___rparam_used           (abs)        000001
___sp                    stack        000000
___wmul                  text13       001EEA
___wmul@multiplicand     cstackCOMRAM 000003
___wmul@multiplier       cstackCOMRAM 000001
___wmul@product          cstackCOMRAM 000005
__accesstop              (abs)        000080
__activetblptr           (abs)        000002
__end_of_LeTeclado       text8        000E98
__end_of_PulseClockData  text31       001EC4
__end_of_PulseEnClock    text30       001E9A
__end_of___aldiv         text17       0016E0
__end_of___lldiv         text37       0018F6
__end_of___llmod         text36       00197E
__end_of___lwdiv         text14       001A6A
__end_of___wmul          text13       001F10
__end_of__initialization cinit        001E66
__end_of_adcInit         text7        001D26
__end_of_adcRead         text35       001C90
__end_of_atraso_ms       text34       001B3A
__end_of_charKey         smallconst   00061B
__end_of_delayMicro      text24       001FD4
__end_of_delayMili       text25       001E42
__end_of_digitalRead     text33       00149E
__end_of_digitalWrite    text32       001334
__end_of_kpDebounce      text28       0015D4
__end_of_kpInit          text6        001E12
__end_of_kpRead          text27       001FC8
__end_of_kpReadKey       text26       0019F6
__end_of_lcdChar         text19       001F76
__end_of_lcdCommand      text21       001F94
__end_of_lcdInit         text4        001852
__end_of_lcdPosition     text20       001DE0
__end_of_lcdString       text18       001C40
__end_of_main            text0        00179E
__end_of_pinMode         text11       0010E6
__end_of_pulseEnablePin  text23       001D68
__end_of_pushByte        text22       001B94
__end_of_pushNibble      text5        001EEA
__end_of_pwmFrequency    text16       001F36
__end_of_pwmInit         text15       001FAE
__end_of_pwmSet          text12       001AD6
__end_of_soInit          text10       001DA6
__end_of_soWrite         text29       001CDE
__end_of_ssdInit         text9        001BEA
__end_of_timerInit       text3        001FD0
__end_of_timerReset      text2        001F58
__end_of_timerWait       text1        001FBE
__end_of_valor           smallconst   000611
__initialization         cinit        001E42
__mediumconst            mediumconst  000000
__pbssCOMRAM             bssCOMRAM    00001C
__pcinit                 cinit        001E42
__pcstackCOMRAM          cstackCOMRAM 000001
__pdataCOMRAM            dataCOMRAM   000033
__pidataCOMRAM           idataCOMRAM  001FD0
__psmallconst            smallconst   000600
__ptext0                 text0        0016E0
__ptext1                 text1        001FAE
__ptext10                text10       001D68
__ptext11                text11       000E98
__ptext12                text12       001A6A
__ptext13                text13       001EEA
__ptext14                text14       0019F6
__ptext15                text15       001F94
__ptext16                text16       001F10
__ptext17                text17       0015D4
__ptext18                text18       001BEA
__ptext19                text19       001F58
__ptext2                 text2        001F36
__ptext20                text20       001DA6
__ptext21                text21       001F76
__ptext22                text22       001B3A
__ptext23                text23       001D26
__ptext24                text24       001FD2
__ptext25                text25       001E12
__ptext26                text26       00197E
__ptext27                text27       001FBE
__ptext28                text28       00149E
__ptext29                text29       001C90
__ptext3                 text3        001FC8
__ptext30                text30       001E70
__ptext31                text31       001E9A
__ptext32                text32       0010E6
__ptext33                text33       001334
__ptext34                text34       001AD6
__ptext35                text35       001C40
__ptext36                text36       0018F6
__ptext37                text37       001852
__ptext4                 text4        00179E
__ptext5                 text5        001EC4
__ptext6                 text6        001DE0
__ptext7                 text7        001CDE
__ptext8                 text8        00069C
__ptext9                 text9        001B94
__ramtop                 ramtop       000600
__size_of_LeTeclado      (abs)        000000
__size_of_PulseClockData (abs)        000000
__size_of_PulseEnClock   (abs)        000000
__size_of___aldiv        (abs)        000000
__size_of___lldiv        (abs)        000000
__size_of___llmod        (abs)        000000
__size_of___lwdiv        (abs)        000000
__size_of___wmul         (abs)        000000
__size_of_adcInit        (abs)        000000
__size_of_adcRead        (abs)        000000
__size_of_atraso_ms      (abs)        000000
__size_of_delayMicro     (abs)        000000
__size_of_delayMili      (abs)        000000
__size_of_digitalRead    (abs)        000000
__size_of_digitalWrite   (abs)        000000
__size_of_kpDebounce     (abs)        000000
__size_of_kpInit         (abs)        000000
__size_of_kpRead         (abs)        000000
__size_of_kpReadKey      (abs)        000000
__size_of_lcdChar        (abs)        000000
__size_of_lcdCommand     (abs)        000000
__size_of_lcdInit        (abs)        000000
__size_of_lcdPosition    (abs)        000000
__size_of_lcdString      (abs)        000000
__size_of_main           (abs)        000000
__size_of_pinMode        (abs)        000000
__size_of_pulseEnablePin (abs)        000000
__size_of_pushByte       (abs)        000000
__size_of_pushNibble     (abs)        000000
__size_of_pwmFrequency   (abs)        000000
__size_of_pwmInit        (abs)        000000
__size_of_pwmSet         (abs)        000000
__size_of_soInit         (abs)        000000
__size_of_soWrite        (abs)        000000
__size_of_ssdInit        (abs)        000000
__size_of_timerInit      (abs)        000000
__size_of_timerReset     (abs)        000000
__size_of_timerWait      (abs)        000000
__smallconst             smallconst   000600
_adcInit                 text7        001CDE
_adcRead                 text35       001C40
_atraso_ms               text34       001AD6
_charKey                 smallconst   000611
_con1                    bssCOMRAM    000026
_delayMicro              text24       001FD2
_delayMili               text25       001E12
_digitalRead             text33       001334
_digitalWrite            text32       0010E6
_display                 bssCOMRAM    000030
_keys                    bssCOMRAM    000024
_kpDebounce              text28       00149E
_kpInit                  text6        001DE0
_kpRead                  text27       001FBE
_kpReadKey               text26       00197E
_lcdChar                 text19       001F58
_lcdCommand              text21       001F76
_lcdInit                 text4        00179E
_lcdPosition             text20       001DA6
_lcdString               text18       001BEA
_main                    text0        0016E0
_pinMode                 text11       000E98
_pulseEnablePin          text23       001D26
_pushByte                text22       001B3A
_pushNibble              text5        001EC4
_pwmFrequency            text16       001F10
_pwmInit                 text15       001F94
_pwmSet                  text12       001A6A
_soInit                  text10       001D68
_soWrite                 text29       001C90
_ssdInit                 text9        001B94
_tecla                   bssCOMRAM    000032
_timerInit               text3        001FC8
_timerReset              text2        001F36
_timerWait               text1        001FAE
_v                       bssCOMRAM    00001C
_v0                      bssCOMRAM    00002F
_v1                      bssCOMRAM    00002E
_v2                      bssCOMRAM    00002D
_v3                      bssCOMRAM    00002C
_valor                   smallconst   000601
adcRead@ADvalor          cstackCOMRAM 000003
adcRead@channel          cstackCOMRAM 000001
atraso_ms@i              cstackCOMRAM 000003
atraso_ms@j              cstackCOMRAM 000005
atraso_ms@k              cstackCOMRAM 000006
atraso_ms@num            cstackCOMRAM 000001
delayMicro@a             cstackCOMRAM 000001
delayMili@a              cstackCOMRAM 000001
delayMili@i              cstackCOMRAM 000004
digitalRead@pin          cstackCOMRAM 000001
digitalWrite@pin         cstackCOMRAM 000001
digitalWrite@value       cstackCOMRAM 000003
end_of_initialization    cinit        001E66
intlevel0                text         000000
intlevel1                text         000000
intlevel2                text         000000
intlevel3                text         000000
isa$std                  (abs)        000001
isa$xinst                (abs)        000000
kpDebounce@i             cstackCOMRAM 00000D
kpDebounce@newRead       bssCOMRAM    000022
kpDebounce@oldRead       bssCOMRAM    000020
kpDebounce@tempo         bssCOMRAM    000031
kpReadKey@i              cstackCOMRAM 000004
lcdChar@value            cstackCOMRAM 00000E
lcdCommand@value         cstackCOMRAM 00000E
lcdPosition@col          cstackCOMRAM 000011
lcdPosition@line         cstackCOMRAM 00000F
lcdString@i              cstackCOMRAM 000013
lcdString@msg            cstackCOMRAM 00000F
main@slot                cstackCOMRAM 00001B
pinMode@pin              cstackCOMRAM 000001
pinMode@type             cstackCOMRAM 000003
pushByte@rs              cstackCOMRAM 00000A
pushByte@value           cstackCOMRAM 00000D
pushNibble@rs            cstackCOMRAM 00000A
pushNibble@value         cstackCOMRAM 00000C
pwmFrequency@freq        cstackCOMRAM 00000F
pwmSet@porcento          cstackCOMRAM 00000A
pwmSet@val               cstackCOMRAM 00000B
soWrite@i                cstackCOMRAM 000009
soWrite@value            cstackCOMRAM 000007
stackhi                  (abs)        0005FF
stacklo                  (abs)        000080
start                    init         000000
start_initialization     cinit        001E42
timerReset@ciclos        cstackCOMRAM 000003
timerReset@tempo         cstackCOMRAM 000001


MODULE INFORMATION

Module		Function		Class		Link	Load	Size
ssd.c
		_ssdInit       		CODE           	1B94	0000	86

ssd.c estimated size: 86

C:\Program Files\Microchip\xc8\v2.32\pic\sources\c99\common\aldiv.c
		___aldiv       		CODE           	15D4	0000	268

C:\Program Files\Microchip\xc8\v2.32\pic\sources\c99\common\aldiv.c estimated size: 268

keypad.c
		_kpInit        		CODE           	1DE0	0000	50
		_kpReadKey     		CODE           	197E	0000	120
		_kpDebounce    		CODE           	149E	0000	310
		_kpRead        		CODE           	1FBE	0000	10

keypad.c estimated size: 490

so.c
		_soInit        		CODE           	1D68	0000	62
		_soWrite       		CODE           	1C90	0000	78
		_PulseEnClock  		CODE           	1E70	0000	42
		_PulseClockData		CODE           	1E9A	0000	42

so.c estimated size: 224

io.c
		_digitalRead   		CODE           	1334	0000	362
		_digitalWrite  		CODE           	10E6	0000	590
		_pinMode       		CODE           	0E98	0000	590

io.c estimated size: 1542

timer.c
		_timerWait     		CODE           	1FAE	0000	16
		_timerReset    		CODE           	1F36	0000	34
		_timerInit     		CODE           	1FC8	0000	8

timer.c estimated size: 58

pwm.c
		_pwmInit       		CODE           	1F94	0000	26
		_pwmFrequency  		CODE           	1F10	0000	38
		_pwmSet        		CODE           	1A6A	0000	108

pwm.c estimated size: 172

C:\Program Files\Microchip\xc8\v2.32\pic\sources\c99\common\Umul16.c
		___wmul        		CODE           	1EEA	0000	38

C:\Program Files\Microchip\xc8\v2.32\pic\sources\c99\common\Umul16.c estimated size: 38

atraso.c
		_atraso_ms     		CODE           	1AD6	0000	100

atraso.c estimated size: 100

C:\Program Files\Microchip\xc8\v2.32\pic\sources\c99\common\llmod.c
		___llmod       		CODE           	18F6	0000	136

C:\Program Files\Microchip\xc8\v2.32\pic\sources\c99\common\llmod.c estimated size: 136

adc.c
		_adcRead       		CODE           	1C40	0000	80
		_adcInit       		CODE           	1CDE	0000	72

adc.c estimated size: 152

shared
		_valor         		SMALLCONST     	0601	0000	16
		_charKey       		SMALLCONST     	0611	0000	10
		__initialization		CODE           	1E42	0000	36

shared estimated size: 62

C:\Program Files\Microchip\xc8\v2.32\pic\sources\c99\common\lwdiv.c
		___lwdiv       		CODE           	19F6	0000	116

C:\Program Files\Microchip\xc8\v2.32\pic\sources\c99\common\lwdiv.c estimated size: 116

lcd.c
		_lcdCommand    		CODE           	1F76	0000	30
		_lcdChar       		CODE           	1F58	0000	30
		_lcdString     		CODE           	1BEA	0000	86
		_pulseEnablePin		CODE           	1D26	0000	66
		_pushByte      		CODE           	1B3A	0000	90
		_lcdPosition   		CODE           	1DA6	0000	58
		_pushNibble    		CODE           	1EC4	0000	38
		_lcdInit       		CODE           	179E	0000	180
		_delayMili     		CODE           	1E12	0000	48
		_delayMicro    		CODE           	1FD2	0000	2

lcd.c estimated size: 628

C:\Program Files\Microchip\xc8\v2.32\pic\sources\c99\common\__lldiv.c
		___lldiv       		CODE           	1852	0000	164

C:\Program Files\Microchip\xc8\v2.32\pic\sources\c99\common\__lldiv.c estimated size: 164

main.c
		_LeTeclado     		CODE           	069C	0000	2044
		_main          		CODE           	16E0	0000	190

main.c estimated size: 2234

